\BOOKMARK [0][-]{chapter.1}{\376\377\000c\000h\000a\000p\000t\000e\000r}{}% 1
\BOOKMARK [1][-]{section.1.1}{\376\377\000A\000\040\000s\000e\000c\000t\000i\000o\000n}{chapter.1}% 2
\BOOKMARK [2][-]{subsection.1.1.1}{\376\377\000s\000u\000b\000s\000e\000c\000t\000i\000o\000n}{section.1.1}% 3
